Microchip MPLAB XC8 Compiler V2.40

Linker command line:

-W-3 \
  --edf=C:\Program Files\Microchip\xc8\v2.40\pic\dat\20220703182018_en.msgs \
  -cn -h+dist/default/production\DoorLockSystem.X.production.sym \
  --cmf=dist/default/production\DoorLockSystem.X.production.cmf -z \
  -Q16F877A -oC:\Users\User\AppData\Local\Temp\xcAsmpg.4 \
  --defsym=__MPLAB_BUILD=1 --fixupoverflow=error \
  -Mdist/default/production/DoorLockSystem.X.production.map \
  --md=C:\Users\User\AppData\Local\Temp\xcAsmpg.dat -E1 -ver=XC8 Compiler \
  --acfsm=1493 -ACODE=00h-07FFhx4 -ASTRCODE=00h-01FFFh -ASTRING=00h-0FFhx32 \
  -ACONST=00h-0FFhx32 -AENTRY=00h-0FFhx32 -ACOMMON=070h-07Fh \
  -ABANK0=020h-06Fh -ABANK1=0A0h-0EFh -ABANK2=0110h-016Fh \
  -ABANK3=0190h-01EFh -ARAM=020h-06Fh,0A0h-0EFh,0110h-016Fh,0190h-01EFh \
  -AABS1=020h-07Fh,0A0h-0EFh,0110h-016Fh,0190h-01EFh -ASFR0=00h-01Fh \
  -ASFR1=080h-09Fh -ASFR2=0100h-010Fh -ASFR3=0180h-018Fh \
  -ACONFIG=02007h-02007h -DCONFIG=2 -AIDLOC=02000h-02003h -DIDLOC=2 \
  -AEEDATA=00h-0FFh/02100h -peeprom_data=EEDATA -DEEDATA=2 -DCODE=2 \
  -DSTRCODE=2 -DSTRING=2 -DCONST=2 -DENTRY=2 \
  -preset_vec=00h,intentry=04h,init,end_init -ppowerup=CODE -pcinit=CODE \
  -pfunctab=ENTRY -k C:\Users\User\AppData\Local\Temp\xcAsmpg.o \
  dist/default/production\DoorLockSystem.X.production.o 

Object code version is 3.11

Machine type is 16F877A



                Name                               Link     Load   Length Selector   Space Scale
C:\Users\User\AppData\Local\Temp\xcAsmpg.o
                end_init                             10       10        3        8       0
                reset_vec                             0        0        3        0       0
                config                             2007     2007        1        0       4
                idloc                              2000     2000        4        0       5
dist/default/production\DoorLockSystem.X.production.o
                cinit                                13       13       1D        8       0
                intentry                              4        4        C        8       0
                config                             2007     2007        1        0       4
                idloc                              2000     2000        4        0       5
                text25                              6F5      6F5       15      C56       0
                text24                              5B7      5B7       34        8       0
                text23                              3B9      3B9       4A        8       0
                text22                              6E0      6E0       15      C56       0
                text21                              675      675       20      C56       0
                text20                              62B      62B       29      C56       0
                text19                              70A      70A        D      C56       0
                text18                              297      297       6E        8       0
                text17                              54A      54A       39        8       0
                text16                              449      449       46        8       0
                text15                              305      305       69        8       0
                text14                              403      403       46        8       0
                text13                              50E      50E       3C        8       0
                text12                               30       30      145        8       0
                text11                              6CA      6CA       16      C56       0
                text10                              583      583       34        8       0
                text9                               48F      48F       42        8       0
                text8                               36E      36E       4B        8       0
                text7                               175      175       9D        8       0
                text6                               4D1      4D1       3D        8       0
                text5                               723      723        1      C56       0
                text4                               695      695       1E      C56       0
                text3                               6B3      6B3       17      C56       0
                text2                               654      654       21      C56       0
                text1                               71F      71F        4      C56       0
                maintext                            212      212       85        8       0
                cstackBANK0                          20       20       29       20       1
                cstackCOMMON                         70       70        C       70       1
                cstackBANK1                          A0       A0       3B       A0       1
                cstackBANK3                         1BA      1BA       1E      190       1
                clrtext                             717      717        8      C56       0
                bssBANK3                            190      190       2A      190       1
                bssBANK1                             DB       DB        F       A0       1
                bssBANK0                             49       49        5       20       1
                strings                             600      600       2B      C00       0

TOTAL           Name                               Link     Load   Length     Space
        CLASS   CODE           
                end_init                             10       10        3         0
                cinit                                13       13       1D         0
                intentry                              4        4        C         0
                reset_vec                             0        0        3         0
                text25                              6F5      6F5       15         0
                text24                              5B7      5B7       34         0
                text23                              3B9      3B9       4A         0
                text22                              6E0      6E0       15         0
                text21                              675      675       20         0
                text20                              62B      62B       29         0
                text19                              70A      70A        D         0
                text18                              297      297       6E         0
                text17                              54A      54A       39         0
                text16                              449      449       46         0
                text15                              305      305       69         0
                text14                              403      403       46         0
                text13                              50E      50E       3C         0
                text12                               30       30      145         0
                text11                              6CA      6CA       16         0
                text10                              583      583       34         0
                text9                               48F      48F       42         0
                text8                               36E      36E       4B         0
                text7                               175      175       9D         0
                text6                               4D1      4D1       3D         0
                text5                               723      723        1         0
                text4                               695      695       1E         0
                text3                               6B3      6B3       17         0
                text2                               654      654       21         0
                text1                               71F      71F        4         0
                maintext                            212      212       85         0
                clrtext                             717      717        8         0

        CLASS   STRCODE        

        CLASS   STRING         
                strings                             600      600       2B         0

        CLASS   CONST          

        CLASS   ENTRY          

        CLASS   COMMON         
                cstackCOMMON                         70       70        C         1

        CLASS   BANK0          
                cstackBANK0                          20       20       29         1
                bssBANK0                             49       49        5         1

        CLASS   BANK1          
                cstackBANK1                          A0       A0       3B         1
                bssBANK1                             DB       DB        F         1

        CLASS   BANK2          

        CLASS   BANK3          
                cstackBANK3                         1BA      1BA       1E         1
                bssBANK3                            190      190       2A         1

        CLASS   RAM            

        CLASS   ABS1           
                abs_s1                               7E       7E        2         1

        CLASS   SFR0           

        CLASS   SFR1           

        CLASS   SFR2           

        CLASS   SFR3           

        CLASS   CONFIG         
                config                             2007     2007        1         4

        CLASS   IDLOC          
                idloc                              2000     2000        4         5

        CLASS   EEDATA         

        CLASS   STACK          



SEGMENTS        Name                           Load    Length   Top    Selector   Space  Class     Delta

                reset_vec                      000000  000003  000003         0       0  CODE        2
                intentry                       000004  0005E7  0005EB         8       0  CODE        2
                cstackBANK0                    000020  00002E  00004E        20       1  BANK0       1
                cstackCOMMON                   000070  00000C  00007C        70       1  COMMON      1
                cstackBANK1                    0000A0  00004A  0000EA        A0       1  BANK1       1
                bssBANK3                       000190  000048  0001D8       190       1  BANK3       1
                strings                        000600  00002B  00062B       C00       0  STRING      2
                text20                         00062B  0000F9  000724       C56       0  CODE        2


UNUSED ADDRESS RANGES

        Name                Unused          Largest block    Delta
        BANK0            004E-006F             22           1
        BANK1            00EA-00EF              6           1
        BANK2            0110-016F             60           1
        BANK3            01D8-01EF             18           1
        CODE             0003-0003              1           2
                         05EB-05FF             15
                         0724-1FFF            800
        COMMON           007C-007D              2           1
        CONST            0003-0003              1           2
                         05EB-05FF             15
                         0724-1FFF            100
        EEDATA           2100-21FF            100           2
        ENTRY            0003-0003              1           2
                         05EB-05FF             15
                         0724-1FFF            100
        RAM              004E-006F             22           1
                         00EA-00EF              6
                         0110-016F             60
                         01D8-01EF             18
        SFR0             0000-001F             20           1
        SFR1             0080-009F             20           1
        SFR2             0100-010F             10           1
        SFR3             0180-018F             10           1
        STRCODE          0003-0003              1           2
                         05EB-05FF             15
                         0724-1FFF           18DC
        STRING           0003-0003              1           2
                         05EB-05FF             15
                         0724-1FFF            100

                                  Symbol Table

?___aldiv                              cstackBANK0  0028
?___awdiv                              cstackBANK0  0028
?___lwdiv                              cstackBANK0  0028
?___lwmod                              cstackBANK0  0028
Lcd_Cmd@a                              cstackBANK0  002B
Lcd_Port@a                             cstackBANK0  0028
Lcd_Write_Char@a                       cstackBANK0  002C
Lcd_Write_Char@temp                    cstackBANK0  002A
Lcd_Write_Char@y                       cstackBANK0  002B
Lcd_Write_Int@buffer                   cstackBANK1  00A0
Lcd_Write_Int@i                        cstackBANK1  00D9
Lcd_Write_Int@isNeg                    cstackBANK1  00D2
Lcd_Write_Int@n                        cstackBANK1  00D5
Lcd_Write_Int@n1                       cstackBANK1  00D3
Lcd_Write_Int@t                        cstackBANK1  00D7
Lcd_Write_Int@val                      cstackBANK0  0034
Lcd_Write_String@a                     cstackBANK0  002D
Lcd_Write_String@i                     cstackBANK0  0032
Numpad_Read@oldKeyVal                  bssBANK0     004B
UART_TxByte@byte                       cstackBANK0  0029
UART_data_received@buffer              bssBANK1     00DB
UART_data_received@data                cstackCOMMON 007B
UART_data_received@index               bssBANK0     0049
UART_send_packet@buffer                cstackBANK0  0037
UART_send_packet@i                     cstackBANK0  0047
UART_send_packet@packet_to_send        cstackBANK0  0046
_INTCON                                (abs)        000B
_ISR                                   text22       06E0
_Lcd_Clear                             text19       070A
_Lcd_Cmd                               text20       062B
_Lcd_Init                              text18       0297
_Lcd_Port                              text21       0675
_Lcd_Write_Char                        text17       054A
_Lcd_Write_Int                         text12       0030
_Lcd_Write_String                      text16       0449
_PIE1                                  (abs)        008C
_PIR1                                  (abs)        000C
_PORTB                                 (abs)        0006
_PORTD                                 (abs)        0008
_PORTDbits                             (abs)        0008
_PORTEbits                             (abs)        0009
_RCIF                                  (abs)        0065
_RCREG                                 (abs)        001A
_RCSTA                                 (abs)        0018
_SPBRG                                 (abs)        0099
_TRISB                                 (abs)        0086
_TRISC                                 (abs)        0087
_TRISD                                 (abs)        0088
_TRISE                                 (abs)        0089
_TXREG                                 (abs)        0019
_TXSTA                                 (abs)        0098
_UART_TxByte                           text11       06CA
_UART_data_received                    text23       03B9
_UART_send_packet                      text8        036E
__Habs1                                abs1         0000
__Hbank0                               bank0        0000
__Hbank1                               bank1        0000
__Hbank2                               bank2        0000
__Hbank3                               bank3        0000
__HbssBANK0                            bssBANK0     0000
__HbssBANK1                            bssBANK1     0000
__HbssBANK3                            bssBANK3     0000
__Hcinit                               cinit        0030
__Hclrtext                             clrtext      0000
__Hcode                                code         0000
__Hcommon                              common       0000
__Hconfig                              config       2008
__HcstackBANK0                         cstackBANK0  0000
__HcstackBANK1                         cstackBANK1  0000
__HcstackBANK3                         cstackBANK3  0000
__HcstackCOMMON                        cstackCOMMON 0000
__Heeprom_data                         eeprom_data  0000
__Hend_init                            end_init     0013
__Hfunctab                             functab      0000
__Hidloc                               idloc        2004
__Hinit                                init         0010
__Hintentry                            intentry     0010
__Hmaintext                            maintext     0000
__Hpowerup                             powerup      0000
__Hram                                 ram          0000
__Hreset_vec                           reset_vec    0003
__Hsfr0                                sfr0         0000
__Hsfr1                                sfr1         0000
__Hsfr2                                sfr2         0000
__Hsfr3                                sfr3         0000
__Hspace_0                             (abs)        0724
__Hspace_1                             (abs)        01D8
__Hspace_2                             (abs)        0000
__Hspace_3                             (abs)        0000
__Hspace_4                             (abs)        400F
__Hstack                               stack        0000
__Hstrings                             strings      0000
__Htext                                text         0000
__Labs1                                abs1         0000
__Lbank0                               bank0        0000
__Lbank1                               bank1        0000
__Lbank2                               bank2        0000
__Lbank3                               bank3        0000
__LbssBANK0                            bssBANK0     0000
__LbssBANK1                            bssBANK1     0000
__LbssBANK3                            bssBANK3     0000
__Lcinit                               cinit        0013
__Lclrtext                             clrtext      0000
__Lcode                                code         0000
__Lcommon                              common       0000
__Lconfig                              config       0000
__LcstackBANK0                         cstackBANK0  0000
__LcstackBANK1                         cstackBANK1  0000
__LcstackBANK3                         cstackBANK3  0000
__LcstackCOMMON                        cstackCOMMON 0000
__Leeprom_data                         eeprom_data  0000
__Lend_init                            end_init     0010
__Lfunctab                             functab      0000
__Lidloc                               idloc        0000
__Linit                                init         0010
__Lintentry                            intentry     0004
__Lmaintext                            maintext     0000
__Lpowerup                             powerup      0000
__Lram                                 ram          0000
__Lreset_vec                           reset_vec    0000
__Lsfr0                                sfr0         0000
__Lsfr1                                sfr1         0000
__Lsfr2                                sfr2         0000
__Lsfr3                                sfr3         0000
__Lspace_0                             (abs)        0000
__Lspace_1                             (abs)        0000
__Lspace_2                             (abs)        0000
__Lspace_3                             (abs)        0000
__Lspace_4                             (abs)        0000
__Lstack                               stack        0000
__Lstrings                             strings      0000
__Ltext                                text         0000
__S0                                   (abs)        0724
__S1                                   (abs)        01D8
__S3                                   (abs)        0000
___aldiv                               text7        0175
___aldiv@counter                       cstackBANK0  0031
___aldiv@dividend                      cstackBANK0  002C
___aldiv@divisor                       cstackBANK0  0028
___aldiv@quotient                      cstackBANK0  0033
___aldiv@sign                          cstackBANK0  0032
___awdiv                               text15       0305
___awdiv@counter                       cstackBANK0  002D
___awdiv@dividend                      cstackBANK0  002A
___awdiv@divisor                       cstackBANK0  0028
___awdiv@quotient                      cstackBANK0  002F
___awdiv@sign                          cstackBANK0  002E
___bmul                                text3        06B3
___bmul@multiplicand                   cstackBANK0  0028
___bmul@multiplier                     cstackBANK0  002B
___bmul@product                        cstackBANK0  002A
___int_sp                              stack        0000
___latbits                             (abs)        0002
___lwdiv                               text14       0403
___lwdiv@counter                       cstackBANK0  002D
___lwdiv@dividend                      cstackBANK0  002A
___lwdiv@divisor                       cstackBANK0  0028
___lwdiv@quotient                      cstackBANK0  002E
___lwmod                               text13       050E
___lwmod@counter                       cstackBANK0  002D
___lwmod@dividend                      cstackBANK0  002A
___lwmod@divisor                       cstackBANK0  0028
___sp                                  stack        0000
___stackhi                             (abs)        0000
___stacklo                             (abs)        0000
__end_of_ISR                           text22       06F5
__end_of_Lcd_Clear                     text19       0717
__end_of_Lcd_Cmd                       text20       0654
__end_of_Lcd_Init                      text18       0305
__end_of_Lcd_Port                      text21       0695
__end_of_Lcd_Write_Char                text17       0583
__end_of_Lcd_Write_Int                 text12       0175
__end_of_Lcd_Write_String              text16       048F
__end_of_UART_TxByte                   text11       06E0
__end_of_UART_data_received            text23       0403
__end_of_UART_send_packet              text8        03B9
__end_of___aldiv                       text7        0212
__end_of___awdiv                       text15       036E
__end_of___bmul                        text3        06CA
__end_of___lwdiv                       text14       0449
__end_of___lwmod                       text13       054A
__end_of__initialization               cinit        002C
__end_of__stringtab                    strings      0610
__end_of_communication_init            text6        050E
__end_of_communication_task            text5        0724
__end_of_keypad                        strings      061C
__end_of_main                          maintext     0297
__end_of_memcpy                        text10       05B7
__end_of_memset                        text4        06B3
__end_of_received_queue_get_packet     text2        0675
__end_of_received_queue_thereispending text1        0723
__end_of_strncpy                       text9        04D1
__end_ofi1___bmul                      text25       070A
__end_ofi1_memcpy                      text24       05EB
__initialization                       cinit        0013
__pbssBANK0                            bssBANK0     0049
__pbssBANK1                            bssBANK1     00DB
__pbssBANK3                            bssBANK3     0190
__pcstackBANK0                         cstackBANK0  0020
__pcstackBANK1                         cstackBANK1  00A0
__pcstackBANK3                         cstackBANK3  01BA
__pcstackCOMMON                        cstackCOMMON 0070
__pintentry                            intentry     0004
__pmaintext                            maintext     0212
__pstrings                             strings      0600
__ptext1                               text1        071F
__ptext10                              text10       0583
__ptext11                              text11       06CA
__ptext12                              text12       0030
__ptext13                              text13       050E
__ptext14                              text14       0403
__ptext15                              text15       0305
__ptext16                              text16       0449
__ptext17                              text17       054A
__ptext18                              text18       0297
__ptext19                              text19       070A
__ptext2                               text2        0654
__ptext20                              text20       062B
__ptext21                              text21       0675
__ptext22                              text22       06E0
__ptext23                              text23       03B9
__ptext24                              text24       05B7
__ptext25                              text25       06F5
__ptext3                               text3        06B3
__ptext4                               text4        0695
__ptext5                               text5        0723
__ptext6                               text6        04D1
__ptext7                               text7        0175
__ptext8                               text8        036E
__ptext9                               text9        048F
__stringbase                           strings      060F
__stringtab                            strings      0600
_communication_init                    text6        04D1
_communication_task                    text5        0723
_keypad                                strings      0610
_main                                  maintext     0212
_memcpy                                text10       0583
_memset                                text4        0695
_receive_queue                         bssBANK3     0190
_receive_queue_elements                bssBANK0     004C
_received_queue_get_packet             text2        0654
_received_queue_thereispending         text1        071F
_strncpy                               text9        048F
btemp                                  (abs)        007E
clear_ram0                             clrtext      0717
communication_init@baudrate            cstackBANK0  0037
end_of_initialization                  cinit        002C
i1___bmul                              text25       06F5
i1___bmul@multiplicand                 cstackCOMMON 0070
i1___bmul@multiplier                   cstackCOMMON 0073
i1___bmul@product                      cstackCOMMON 0072
i1_memcpy                              text24       05B7
i1memcpy@d                             cstackBANK0  0021
i1memcpy@d1                            cstackCOMMON 0074
i1memcpy@n                             cstackCOMMON 0078
i1memcpy@s                             cstackBANK0  0023
i1memcpy@s1                            cstackCOMMON 0076
i1memcpy@tmp                           cstackBANK0  0020
interrupt_function                     intentry     0004
intlevel0                              functab      0000
intlevel1                              functab      0000
intlevel2                              functab      0000
intlevel3                              functab      0000
intlevel4                              functab      0000
intlevel5                              functab      0000
main@packet                            cstackBANK3  01BC
main@received_count                    cstackBANK3  01BA
main@send_packet                       cstackBANK3  01CA
memcpy@d                               cstackBANK0  0033
memcpy@d1                              cstackBANK0  002C
memcpy@n                               cstackBANK0  0030
memcpy@s                               cstackBANK0  0035
memcpy@s1                              cstackBANK0  002E
memcpy@tmp                             cstackBANK0  0032
memset@c                               cstackBANK0  0028
memset@n                               cstackBANK0  002A
memset@p                               cstackBANK0  002E
memset@p1                              cstackBANK0  002D
received_queue_get_packet@packet       cstackBANK0  0037
reset_vec                              reset_vec    0000
saved_w                                (abs)        007E
start                                  init         0010
start_initialization                   cinit        0013
strncpy@cp                             cstackBANK0  002D
strncpy@from                           cstackBANK0  0028
strncpy@size                           cstackBANK0  0029
strncpy@to                             cstackBANK0  002C
wtemp0                                 (abs)        007E


MODULE INFORMATION

Module		Function		Class		Link	Load	Size
C:\Program Files\Microchip\xc8\v2.40\pic\sources\c90\common\Umul8.c
		___bmul        		CODE           	06B3	0000	23

C:\Program Files\Microchip\xc8\v2.40\pic\sources\c90\common\Umul8.c estimated size: 23

C:\Program Files\Microchip\xc8\v2.40\pic\sources\c90\common\memset.c
		_memset        		CODE           	0695	0000	30

C:\Program Files\Microchip\xc8\v2.40\pic\sources\c90\common\memset.c estimated size: 30

C:\Program Files\Microchip\xc8\v2.40\pic\sources\c90\common\awdiv.c
		___awdiv       		CODE           	0305	0000	105

C:\Program Files\Microchip\xc8\v2.40\pic\sources\c90\common\awdiv.c estimated size: 105

peripherals/lcd.c
		_Lcd_Write_String		CODE           	0449	0000	70
		_Lcd_Write_Int 		CODE           	0030	0000	325
		_Lcd_Init      		CODE           	0297	0000	110
		_Lcd_Write_Char		CODE           	054A	0000	57
		_Lcd_Cmd       		CODE           	062B	0000	41
		_Lcd_Clear     		CODE           	070A	0000	13
		_Lcd_Port      		CODE           	0675	0000	32

peripherals/lcd.c estimated size: 648

C:\Program Files\Microchip\xc8\v2.40\pic\sources\c90\common\aldiv.c
		___aldiv       		CODE           	0175	0000	157

C:\Program Files\Microchip\xc8\v2.40\pic\sources\c90\common\aldiv.c estimated size: 157

C:\Program Files\Microchip\xc8\v2.40\pic\sources\c90\common\strncpy.c
		_strncpy       		CODE           	048F	0000	66

C:\Program Files\Microchip\xc8\v2.40\pic\sources\c90\common\strncpy.c estimated size: 66

C:\Program Files\Microchip\xc8\v2.40\pic\sources\c90\common\memcpy.c
		_memcpy        		CODE           	0583	0000	52

C:\Program Files\Microchip\xc8\v2.40\pic\sources\c90\common\memcpy.c estimated size: 52

C:\Program Files\Microchip\xc8\v2.40\pic\sources\c90\common\lwmod.c
		___lwmod       		CODE           	050E	0000	60

C:\Program Files\Microchip\xc8\v2.40\pic\sources\c90\common\lwmod.c estimated size: 60

shared
		__stringtab    		STRING         	0600	0000	16
		_keypad        		STRING         	0610	0000	12
		__initialization		CODE           	0013	0000	25
		i1___bmul      		CODE           	06F5	0000	21
		i1_memcpy      		CODE           	05B7	0000	52

shared estimated size: 126

communication/communication.c
		_UART_data_received		CODE           	03B9	0000	74
		_received_queue_get_packet		CODE           	0654	0000	33
		_received_queue_thereispending		CODE           	071F	0000	4
		_communication_task		CODE           	0723	0000	1
		_communication_init		CODE           	04D1	0000	61
		_UART_send_packet		CODE           	036E	0000	75
		_UART_TxByte   		CODE           	06CA	0000	22

communication/communication.c estimated size: 270

main.c
		_ISR           		CODE           	06E0	0000	21
		_main          		CODE           	0212	0000	133

main.c estimated size: 154

C:\Program Files\Microchip\xc8\v2.40\pic\sources\c90\common\lwdiv.c
		___lwdiv       		CODE           	0403	0000	70

C:\Program Files\Microchip\xc8\v2.40\pic\sources\c90\common\lwdiv.c estimated size: 70

